
≡ƒöî MongoMemoryServer started at mongodb://127.0.0.1:56379/

node.exe : FAIL test/e2e/au
th/auth.e2e-spec.ts
At C:\Users\Chad\AppData\Ro
aming\npm\npx.ps1:24 char:5
+     & "node$exe"  "$based
ir/node_modules/npm/bin/npx
-cli.js" $args
+     ~~~~~~~~~~~~~~~~~~~~~
~~~~~~~~~~~~~~~~~~~~~~~~~~~
~~~~~~~~~~~~~~
    + CategoryInfo         
     : NotSpecified: (FAI  
  L test/e2e/auth/auth.e   
 2e-spec.ts:String) [],    
 RemoteException
    + FullyQualifiedErrorI 
   d : NativeCommandError
 
  ΓùÅ Test suite failed to 
run

    Jest encountered an 
unexpected token

    Jest failed to parse a 
file. This happens e.g. 
when your code or its 
dependencies use 
non-standard JavaScript 
syntax, or when Jest is 
not configured to support 
such syntax.

    Out of the box Jest 
supports Babel, which will 
be used to transform your 
files into valid JS based 
on your Babel 
configuration.

    By default 
"node_modules" folder is 
ignored by transformers.

    Here's what you can do:
     ΓÇó If you are trying 
to use ECMAScript Modules, 
see https://jestjs.io/docs/
ecmascript-modules for how 
to enable it.
     ΓÇó If you are trying 
to use TypeScript, see http
s://jestjs.io/docs/getting-
started#using-typescript
     ΓÇó To have some of 
your "node_modules" files 
transformed, you can 
specify a custom 
"transformIgnorePatterns" 
in your config.
     ΓÇó If you need a 
custom transformation 
specify a "transform" 
option in your config.
     ΓÇó If you simply 
want to mock your non-JS 
modules (e.g. binary 
assets) you can stub them 
out with the 
"moduleNameMapper" config 
option.

    You'll find more 
details and examples of 
these config options in 
the docs:
    https://jestjs.io/docs/
configuration
    For information about 
custom transformations, 
see:
    https://jestjs.io/docs/
code-transformation

    Details:

    C:\Users\Chad\Desktop\B
usiness\ng-core\node_module
s\uuid\dist-node\index.js:1
    ({"Object.<anonymous>":
function(module,exports,req
uire,__dirname,__filename,j
est){export { default as 
MAX } from './max.js';
                           
                           
                           
     ^^^^^^

    SyntaxError: 
Unexpected token 'export'

    [0m [90m 15 |[39m 
[36mimport[39m { 
[33mGetUserByIdQuery[39m 
} [36mfrom[39m [32m'src/
modules/users/application/q
ueries/impl'[39m[33m;[39
m
     [90m 16 |[39m
    
[31m[1m>[22m[39m[90m 
17 |[39m [90m/**[39m
     [90m    |[39m       
       [31m[1m^[22m[39m
     [90m 18 |[39m [90m 
* RefreshTokenService ΓÇö 
refactored[39m
     [90m 19 |[39m [90m 
*[39m
     [90m 20 |[39m [90m 
* BUGS FIXED:[39m[0m

      at Runtime.createScri
ptFromCode (node_modules/je
st-runtime/build/index.js:1
505:14)
      at 
Object.<anonymous> (src/mod
ules/auth/services/refresh-
token.service.ts:17:15)
      at 
Object.<anonymous> (src/mod
ules/auth/services/auth.ser
vice.ts:15:30)
      at 
Object.<anonymous> (src/mod
ules/auth/services/index.ts
:5:14)
      at 
Object.<anonymous> (src/mod
ules/auth/presentation/cont
rollers/auth.controller.ts:
14:19)
      at 
Object.<anonymous> (src/mod
ules/auth/presentation/cont
rollers/index.ts:5:14)
      at 
Object.<anonymous> (src/mod
ules/auth/auth.module.ts:19
:22)
      at 
Object.<anonymous> 
(src/app.module.ts:15:21)
      at 
Object.<anonymous> (test/e2
e/_support/setup/e2e-app.he
lper.ts:25:20)
      at 
Object.<anonymous> (test/e2
e/auth/auth.e2e-spec.ts:6:2
3)

Test Suites: 1 failed, 1 
total
Tests:       0 total
Snapshots:   0 total
Time:        1.43 s
Ran all test suites.

≡ƒöî MongoMemoryServer stopped

Force exiting Jest: Have 
you considered using 
`--detectOpenHandles` to 
detect async operations 
that kept running after 
all tests finished?
